> Write CMD_HwFwVers
> Write CMD_ReadReportingAndStatus
> Write CMD_Write, @{c00,r0} txt="Press any key to    "
> Write CMD_Write, @{c00,r1} txt="interrupt desc      "
> Write CMD_Clear
> Write CMD_SetBacklight, dlen=1, data={00}, crc={0f cf}
> Write CMD_Write, @{c00,r0} txt="timeout             "
> Write CMD_CfgKeyReports={00 00}
> Write CMD_SetBacklight, dlen=1, data={00}, crc={0f cf}
